*** EVALUATION ***
PROGRAM "Stepper_Serial_Interfacev2.abs"

*********************************************************************************************
TARGET SECTION
---------------------------------------------------------------------------------------------
Processor   : Freescale HC08
Memory Model: SMALL
File Format : ELF\DWARF 2.0
Linker      : SmartLinker V-5.0.51 Build 14019, Jan 20 2014

*********************************************************************************************
FILE SECTION
---------------------------------------------------------------------------------------------
ADC_c.obj                               Model: SMALL,         Lang: ANSI-C
LCD_Manager_c.obj                       Model: SMALL,         Lang: ANSI-C
MTIM_c.obj                              Model: SMALL,         Lang: ANSI-C
MessageManager_c.obj                    Model: SMALL,         Lang: ANSI-C
ModeManager_c.obj                       Model: SMALL,         Lang: ANSI-C
PowerManager_c.obj                      Model: SMALL,         Lang: ANSI-C
SCI_c.obj                               Model: SMALL,         Lang: ANSI-C
SPI_c.obj                               Model: SMALL,         Lang: ANSI-C
SpeedManager_c.obj                      Model: SMALL,         Lang: ANSI-C
StepManager_c.obj                       Model: SMALL,         Lang: ANSI-C
StringUtils_c.obj                       Model: SMALL,         Lang: ANSI-C
TemperatureManager_c.obj                Model: SMALL,         Lang: ANSI-C
TimersManager_c.obj                     Model: SMALL,         Lang: ANSI-C
main_c.obj                              Model: SMALL,         Lang: ANSI-C
start08_c.obj                           Model: SMALL,         Lang: ANSI-C
mc9s08qg8_c.obj                         Model: SMALL,         Lang: ANSI-C
rtshc08.o (ansiis.lib)                  Model: SMALL,         Lang: ANSI-C

*********************************************************************************************
STARTUP SECTION
---------------------------------------------------------------------------------------------
Entry point: 0xE07B (_Startup)
_startupData is allocated at 0xE084 and uses 6 Bytes
extern struct _tagStartup {
  unsigned nofZeroOut     1
  _Range   pZeroOut       0x100     284
  _Copy    *toCopyDownBeg 0xEFB4
} _startupData;

*********************************************************************************************
SECTION-ALLOCATION SECTION
Section Name                    Size  Type     From       To       Segment
---------------------------------------------------------------------------------------------
.data                             46   R/W      0x100      0x12D   RAM
.init                            132     R     0xE000     0xE083   ROM
.startData                        14     R     0xE084     0xE091   ROM
.rodata                          113     R     0xE092     0xE102   ROM
.rodata1                          18     R     0xE103     0xE114   ROM
.text                           3743     R     0xE115     0xEFB3   ROM
.copy                             51     R     0xEFB4     0xEFE6   ROM
.abs_section_ffe6                  2     R     0xFFE6     0xFFE7   .absSeg0
.abs_section_ffde                  2     R     0xFFDE     0xFFDF   .absSeg1
.abs_section_ffe0                  2     R     0xFFE0     0xFFE1   .absSeg2
.abs_section_0                     1   N/I        0x0        0x0   .absSeg3
.abs_section_1                     1   N/I        0x1        0x1   .absSeg4
.abs_section_2                     1   N/I        0x2        0x2   .absSeg5
.abs_section_3                     1   N/I        0x3        0x3   .absSeg6
.abs_section_c                     1   N/I        0xC        0xC   .absSeg7
.abs_section_d                     1   N/I        0xD        0xD   .absSeg8
.abs_section_e                     1   N/I        0xE        0xE   .absSeg9
.abs_section_f                     1   N/I        0xF        0xF   .absSeg10
.abs_section_10                    1   N/I       0x10       0x10   .absSeg11
.abs_section_11                    1   N/I       0x11       0x11   .absSeg12
.abs_section_16                    1   N/I       0x16       0x16   .absSeg13
.abs_section_17                    1   N/I       0x17       0x17   .absSeg14
.abs_section_1a                    1   N/I       0x1A       0x1A   .absSeg15
.abs_section_22                    1   N/I       0x22       0x22   .absSeg16
.abs_section_23                    1   N/I       0x23       0x23   .absSeg17
.abs_section_24                    1   N/I       0x24       0x24   .absSeg18
.abs_section_25                    1   N/I       0x25       0x25   .absSeg19
.abs_section_26                    1   N/I       0x26       0x26   .absSeg20
.abs_section_27                    1   N/I       0x27       0x27   .absSeg21
.abs_section_28                    1   N/I       0x28       0x28   .absSeg22
.abs_section_29                    1   N/I       0x29       0x29   .absSeg23
.abs_section_2a                    1   N/I       0x2A       0x2A   .absSeg24
.abs_section_2b                    1   N/I       0x2B       0x2B   .absSeg25
.abs_section_2d                    1   N/I       0x2D       0x2D   .absSeg26
.abs_section_30                    1   N/I       0x30       0x30   .absSeg27
.abs_section_31                    1   N/I       0x31       0x31   .absSeg28
.abs_section_32                    1   N/I       0x32       0x32   .absSeg29
.abs_section_33                    1   N/I       0x33       0x33   .absSeg30
.abs_section_34                    1   N/I       0x34       0x34   .absSeg31
.abs_section_38                    1   N/I       0x38       0x38   .absSeg32
.abs_section_39                    1   N/I       0x39       0x39   .absSeg33
.abs_section_3a                    1   N/I       0x3A       0x3A   .absSeg34
.abs_section_3b                    1   N/I       0x3B       0x3B   .absSeg35
.abs_section_3c                    1   N/I       0x3C       0x3C   .absSeg36
.abs_section_3d                    1   N/I       0x3D       0x3D   .absSeg37
.abs_section_3e                    1   N/I       0x3E       0x3E   .absSeg38
.abs_section_3f                    1   N/I       0x3F       0x3F   .absSeg39
.abs_section_40                    1   N/I       0x40       0x40   .absSeg40
.abs_section_45                    1   N/I       0x45       0x45   .absSeg41
.abs_section_48                    1   N/I       0x48       0x48   .absSeg42
.abs_section_1800                  1   N/I     0x1800     0x1800   .absSeg43
.abs_section_1801                  1   N/I     0x1801     0x1801   .absSeg44
.abs_section_1802                  1   N/I     0x1802     0x1802   .absSeg45
.abs_section_1803                  1   N/I     0x1803     0x1803   .absSeg46
.abs_section_1808                  1   N/I     0x1808     0x1808   .absSeg47
.abs_section_1809                  1   N/I     0x1809     0x1809   .absSeg48
.abs_section_180a                  1   N/I     0x180A     0x180A   .absSeg49
.abs_section_180c                  1   N/I     0x180C     0x180C   .absSeg50
.abs_section_1816                  1   N/I     0x1816     0x1816   .absSeg51
.abs_section_1817                  1   N/I     0x1817     0x1817   .absSeg52
.abs_section_1818                  1   N/I     0x1818     0x1818   .absSeg53
.abs_section_1820                  1   N/I     0x1820     0x1820   .absSeg54
.abs_section_1821                  1   N/I     0x1821     0x1821   .absSeg55
.abs_section_1823                  1   N/I     0x1823     0x1823   .absSeg56
.abs_section_1824                  1   N/I     0x1824     0x1824   .absSeg57
.abs_section_1825                  1   N/I     0x1825     0x1825   .absSeg58
.abs_section_1826                  1   N/I     0x1826     0x1826   .absSeg59
.abs_section_1840                  1   N/I     0x1840     0x1840   .absSeg60
.abs_section_1841                  1   N/I     0x1841     0x1841   .absSeg61
.abs_section_1842                  1   N/I     0x1842     0x1842   .absSeg62
.abs_section_1844                  1   N/I     0x1844     0x1844   .absSeg63
.abs_section_1845                  1   N/I     0x1845     0x1845   .absSeg64
.abs_section_1846                  1   N/I     0x1846     0x1846   .absSeg65
.abs_section_12                    2   N/I       0x12       0x13   .absSeg66
.abs_section_14                    2   N/I       0x14       0x15   .absSeg67
.abs_section_20                    2   N/I       0x20       0x21   .absSeg68
.abs_section_41                    2   N/I       0x41       0x42   .absSeg69
.abs_section_43                    2   N/I       0x43       0x44   .absSeg70
.abs_section_46                    2   N/I       0x46       0x47   .absSeg71
.abs_section_49                    2   N/I       0x49       0x4A   .absSeg72
.abs_section_1806                  2   N/I     0x1806     0x1807   .absSeg73
.abs_section_1810                  2   N/I     0x1810     0x1811   .absSeg74
.abs_section_1812                  2   N/I     0x1812     0x1813   .absSeg75
.abs_section_1814                  2   N/I     0x1814     0x1815   .absSeg76
.bss                             207   R/W      0x12E      0x1FC   RAM
.common                           31   R/W      0x1FD      0x21B   RAM
.stack                            64   R/W      0x21C      0x25B   RAM
.vectSeg77_vect                    2     R     0xFFFE     0xFFFF   .vectSeg77

Summary of section sizes per section type:
READ_ONLY (R):         FEF (dec:     4079)
READ_WRITE (R/W):      15C (dec:      348)
NO_INIT (N/I):          55 (dec:       85)

*********************************************************************************************
VECTOR-ALLOCATION SECTION
    Address     InitValue   InitFunction
---------------------------------------------------------------------------------------------
     0xFFFE        0xE07B   _Startup

*********************************************************************************************
OBJECT-ALLOCATION SECTION
     Name               Module                 Addr   hSize   dSize     Ref    Section   RLIB
---------------------------------------------------------------------------------------------
MODULE:                 -- ADC_c.obj --
- PROCEDURES:
     ADC_Init                                  E115      15      21       1   .text       
- VARIABLES:
MODULE:                 -- LCD_Manager_c.obj --
- PROCEDURES:
     LCDManager_Init                           E12A      2A      42       1   .text       
     LCDManager_IsBusy                         E154       4       4       1   .text       
     LCDManager_WriteMessage                   E158      45      69       3   .text       
     LCDManager_PeriodicTask                   E19D      6B     107       1   .text       
- VARIABLES:
     initialization                            E092       6       6       1   .rodata     
     cMessage                                   12E      10      16       2   .bss        
     u8MsgSize                                  13E       1       1       3   .bss        
     u8IndexPos                                 13F       1       1       5   .bss        
     bIsBusy                                    140       1       1       4   .bss        
     u8Column                                   141       1       1       2   .bss        
     u8Line                                     142       1       1       2   .bss        
     u8State                                    143       1       1       5   .bss        
     u8Command                                  144       1       1       1   .bss        
MODULE:                 -- MTIM_c.obj --
- PROCEDURES:
     MTIM_Init                                 E208       A      10       1   .text       
     MTIM_RegisterIsrCallback                  E212       9       9       1   .text       
     MTIM_isr                                  E21B       D      13       1   .text       
- VARIABLES:
     sMtimIsrCallback                           145       2       2       2   .bss        
     _Vector_12                                FFE6       2       2       0   .abs_section_ffe6
MODULE:                 -- MessageManager_c.obj --
- PROCEDURES:
     MessageManager_Init                       E228      1A      26       1   .text       
     MessageManager_buildMessage               E242      68     104       1   .text       
     MessageManager_IsMessageReady             E2AA       4       4       1   .text       
     MessageManager_getMessage                 E2AE      2D      45       1   .text       
     MessageManager_SendMessage                E2DB       3       3       4   .text       
     MessageManager_TxIsBusy                   E2DE       3       3       1   .text       
     MessageManager_reConstructMessage         E2E1      42      66       1   .text       
     MessageManager_cleanBuffers               E323      25      37       1   .text       
- VARIABLES:
     cRxMsg                                     147      3C      60       3   .bss        
     u8RxIndex                                  183       1       1      13   .bss        
     u8BufferSelect                             184       1       1      11   .bss        
     bIsMsgReady                                185       1       1       4   .bss        
     cMessage                                   186      1E      30       3   .bss        
     u8MessageSize                              1A4       1       1       8   .bss        
MODULE:                 -- ModeManager_c.obj --
- PROCEDURES:
     ModeManager_Init                          E348       6       6       1   .text       
     ModeManager_IsClockWise                   E34E       4       4       1   .text       
     ModeManager_SetDirection                  E352       4       4       2   .text       
- VARIABLES:
     _bIsClockWise                              1A5       1       1       3   .bss        
MODULE:                 -- PowerManager_c.obj --
- PROCEDURES:
     PowerManager_Init                         E356       5       5       1   .text       
     PowerManager_IsMotorON                    E35B       4       4       1   .text       
     PowerManager_setMotor                     E35F       4       4       2   .text       
- VARIABLES:
     bIsMotorON                                 1A6       1       1       3   .bss        
MODULE:                 -- SCI_c.obj --
- PROCEDURES:
     SCI_InitTx                                E363       8       8       1   .text       
     SCI_SendMessage                           E36B      3F      63       1   .text       
     SCI_TxIsBusy                              E3AA       4       4       1   .text       
     SCI_InitRx                                E3AE       5       5       1   .text       
     SCI_RxSetCallback                         E3B3       9       9       1   .text       
     SCI_BaudRateModuloDivisor                 E3BC       4       4       1   .text       
     SCI_Tx_IRS                                E3C0      23      35       1   .text       
     SCI_Rx_IRS                                E3E3      10      16       1   .text       
- VARIABLES:
     cTxMsg                                     1A7      1E      30       3   .bss        
     u8TxSize                                   1C5       1       1       2   .bss        
     u8TxIndex                                  1C6       1       1       4   .bss        
     bTxIsBusy                                  1C7       1       1       3   .bss        
     fnRxCallback                               1C8       2       2       2   .bss        
     cRxData                                    1CA       1       1       1   .bss        
     _Vector_16                                FFDE       2       2       0   .abs_section_ffde
     _Vector_15                                FFE0       2       2       0   .abs_section_ffe0
MODULE:                 -- SPI_c.obj --
- PROCEDURES:
     SPI_Init                                  E3F3      1B      27       1   .text       
     SPI_TxIsBusy                              E40E       8       8       3   .text       
     SPI_SendData                              E416       3       3       3   .text       
- VARIABLES:
MODULE:                 -- SpeedManager_c.obj --
- PROCEDURES:
     SpeedManager_Init                         E419       C      12       1   .text       
     SpeedManager_getSpeedDelay                E425       B      11       2   .text       
     SpeedManager_setSpeed                     E430      1E      30       1   .text       
- VARIABLES:
     u32MotorSpeedDelay                         1CB       4       4       4   .bss        
MODULE:                 -- StepManager_c.obj --
- PROCEDURES:
     StepManager_Init                          E44E       E      14       1   .text       
     StepManager_RotateClockWise               E45C      19      25       1   .text       
     StepManager_RotateCounterClockWise        E475      19      25       1   .text       
     StepManager_SetValue                      E48E       F      15       3   .text       
     StepManager_ResetClockwiseMode            E49D       5       5       1   .text       
     StepManager_ResetCounterClockwiseMode       E4A2       6       6       1   .text       
     StepManager_Overflow                      E4A8       B      11       1   .text       
     StepManager_Underflow                     E4B3       B      11       1   .text       
- VARIABLES:
     u8StepArray                               E098       8       8       3   .rodata     
     u8CurrentStep                              1CF       1       1       9   .bss        
     u8StringVal                                1D0       1       1       1   .bss        
MODULE:                 -- StringUtils_c.obj --
- PROCEDURES:
     StringUtils_StringCompare                 E4BE      45      69       9   .text       
     StringUtils_Str2Num                       E503      AF     175       3   .text       
     StringUtils_Num2Str                       E5B2      84     132       1   .text       
     StringUtils_StringCopy                    E636      29      41       2   .text       
- VARIABLES:
     StringsEqual                               1D1       1       1       4   .bss        
     tempNum                                    1D2       1       1       2   .bss        
     accumulatedValue                           1D3       2       2      10   .bss        
     invalidString                              1D5       1       1       6   .bss        
     index                                      1D6       1       1      17   .bss        
MODULE:                 -- TemperatureManager_c.obj --
- PROCEDURES:
     TemperatureManager_Init                   E65F       E      14       1   .text       
     TemperatureManager_getTemperature         E66D      3A      58       2   .text       
     TemperatureManager_IsOverTemperatureDetected       E6A7       4       4       2   .text       
     TemperatureManager_setTemperatureLimit       E6AB       4       4       1   .text       
- VARIABLES:
     bOverTemperatureDetected                   1D7       1       1       3   .bss        
     u16TemperatureLimit                        1D8       2       2       3   .bss        
MODULE:                 -- TimersManager_c.obj --
- PROCEDURES:
     TimersMngr_Init                           E6AF      41      65       1   .text       
     TimersMngr_PeriodicTask                   E6F0      D0     208       5   .text       
     TimersMngr_CreateTimer                    E7C0      2D      45       2   .text       
     TimersMngr_StartTimer                     E7ED      3D      61       2   .text       
     TimersMngr_TimerHasElapsed                E82A      24      36       2   .text       
     TimersMngr_UpdateCount                    E84E       9       9       1   .text       
- VARIABLES:
     sTimersObjArray                            1DA       C      12      25   .bss        
     su8Timers                                  1E6       1       1       5   .bss        
     su16ElapsedTime                            1E7       2       2       4   .bss        
     su8ActiveTimers                            1E9       1       1       2   .bss        
MODULE:                 -- main_c.obj --
- PROCEDURES:
     main                                      E857     37F     895      19   .text       
- VARIABLES:
     kMotorMsg                                 E0A0       7       7       1   .rodata     
     kMotorMsgON                               E0A7       4       4       1   .rodata     
     kMotorMsgOFF                              E0AB       6       6       1   .rodata     
     kDirMsg                                   E0B1       5       5       1   .rodata     
     kDirMsgCW                                 E0B6       4       4       1   .rodata     
     kDirMsgCCW                                E0BA       5       5       1   .rodata     
     kRPSMsg                                   E0BF       5       5       1   .rodata     
     kTempLimitMsg                             E0C4       C      12       1   .rodata     
     kStepMsg                                  E0D0       9       9       1   .rodata     
     kDONEMsg                                  E0D9       9       9       1   .rodata     
     kENTERMsg                                 E0E2       3       3       1   .rodata     
     kOvTempMsg                                E0E5      1E      30       1   .rodata     
     STRING.D.CW..2                            E103       6       6       1   .rodata1    
     STRING.D.CW..16                           E109       6       6       1   .rodata1    
     STRING.D.CCW.17                           E10F       6       6       1   .rodata1    
     cTemperatureReport                         100      19      25       3   .data       
     cLCDMessage1                               119       2       2       2   .data       
     cLCDMessage2                               11B       9       9       2   .data       
     cLCDMessage3                               124       A      10       2   .data       
     bMessageSucces                             1EA       1       1       5   .bss        
     bMessageFail                               1EB       1       1       4   .bss        
     bOverTempMsgSent                           1EC       1       1       4   .bss        
     tempspeed                                  1ED       2       2       3   .bss        
     templimit                                  1EF       2       2       2   .bss        
     motorTimerID                               1F1       1       1       3   .bss        
     temperatureTimerID                         1F2       1       1       3   .bss        
     degrees_to_steps                           1F3       2       2       3   .bss        
     u32StepsLeft                               1F5       4       4       7   .bss        
     index                                      1F9       1       1       4   .bss        
     bLCDMessage1Success                        1FA       1       1       4   .bss        
     bLCDMessage2Success                        1FB       1       1       4   .bss        
     bLCDMessage3Success                        1FC       1       1       4   .bss        
     u8MessageSize                              1FD       1       1       1   .common     
     cMainMessage                               1FE      1E      30      18   .common     
MODULE:                 -- start08_c.obj --
- PROCEDURES:
     loadByte                                  E000       E      14       5   .init       
     Init                                      E00E      6D     109       1   .init       
     _Startup                                  E07B       9       9       0   .init       
- VARIABLES:
     _startupData                              E084       6       6       4   .startData  
- LABELS:
     __SEG_END_SSTACK                           25C       0       0       1               
MODULE:                 -- mc9s08qg8_c.obj --
- PROCEDURES:
- VARIABLES:
     _PTAD                                        0       1       1       5   .abs_section_0
     _PTADD                                       1       1       1       1   .abs_section_1
     _PTBD                                        2       1       1       2   .abs_section_2
     _PTBDD                                       3       1       1       1   .abs_section_3
     _KBISC                                       C       1       1       0   .abs_section_c
     _KBIPE                                       D       1       1       0   .abs_section_d
     _KBIES                                       E       1       1       0   .abs_section_e
     _IRQSC                                       F       1       1       0   .abs_section_f
     _ADCSC1                                     10       1       1       3   .abs_section_10
     _ADCSC2                                     11       1       1       0   .abs_section_11
     _ADCCFG                                     16       1       1       2   .abs_section_16
     _APCTL1                                     17       1       1       1   .abs_section_17
     _ACMPSC                                     1A       1       1       0   .abs_section_1a
     _SCIC1                                      22       1       1       0   .abs_section_22
     _SCIC2                                      23       1       1       5   .abs_section_23
     _SCIS1                                      24       1       1       2   .abs_section_24
     _SCIS2                                      25       1       1       0   .abs_section_25
     _SCIC3                                      26       1       1       0   .abs_section_26
     _SCID                                       27       1       1       3   .abs_section_27
     _SPIC1                                      28       1       1       5   .abs_section_28
     _SPIC2                                      29       1       1       2   .abs_section_29
     _SPIBR                                      2A       1       1       4   .abs_section_2a
     _SPIS                                       2B       1       1       1   .abs_section_2b
     _SPID                                       2D       1       1       1   .abs_section_2d
     _IICA                                       30       1       1       0   .abs_section_30
     _IICF                                       31       1       1       0   .abs_section_31
     _IICC                                       32       1       1       0   .abs_section_32
     _IICS                                       33       1       1       0   .abs_section_33
     _IICD                                       34       1       1       0   .abs_section_34
     _ICSC1                                      38       1       1       0   .abs_section_38
     _ICSC2                                      39       1       1       0   .abs_section_39
     _ICSTRM                                     3A       1       1       0   .abs_section_3a
     _ICSSC                                      3B       1       1       0   .abs_section_3b
     _MTIMSC                                     3C       1       1       4   .abs_section_3c
     _MTIMCLK                                    3D       1       1       1   .abs_section_3d
     _MTIMCNT                                    3E       1       1       0   .abs_section_3e
     _MTIMMOD                                    3F       1       1       1   .abs_section_3f
     _TPMSC                                      40       1       1       0   .abs_section_40
     _TPMC0SC                                    45       1       1       0   .abs_section_45
     _TPMC1SC                                    48       1       1       0   .abs_section_48
     _SRS                                      1800       1       1       1   .abs_section_1800
     _SBDFR                                    1801       1       1       0   .abs_section_1801
     _SOPT1                                    1802       1       1       0   .abs_section_1802
     _SOPT2                                    1803       1       1       0   .abs_section_1803
     _SRTISC                                   1808       1       1       0   .abs_section_1808
     _SPMSC1                                   1809       1       1       0   .abs_section_1809
     _SPMSC2                                   180A       1       1       0   .abs_section_180a
     _SPMSC3                                   180C       1       1       0   .abs_section_180c
     _DBGC                                     1816       1       1       0   .abs_section_1816
     _DBGT                                     1817       1       1       0   .abs_section_1817
     _DBGS                                     1818       1       1       0   .abs_section_1818
     _FCDIV                                    1820       1       1       0   .abs_section_1820
     _FOPT                                     1821       1       1       0   .abs_section_1821
     _FCNFG                                    1823       1       1       0   .abs_section_1823
     _FPROT                                    1824       1       1       0   .abs_section_1824
     _FSTAT                                    1825       1       1       0   .abs_section_1825
     _FCMD                                     1826       1       1       0   .abs_section_1826
     _PTAPE                                    1840       1       1       0   .abs_section_1840
     _PTASE                                    1841       1       1       0   .abs_section_1841
     _PTADS                                    1842       1       1       0   .abs_section_1842
     _PTBPE                                    1844       1       1       0   .abs_section_1844
     _PTBSE                                    1845       1       1       0   .abs_section_1845
     _PTBDS                                    1846       1       1       0   .abs_section_1846
     _ADCR                                       12       2       2       1   .abs_section_12
     _ADCCV                                      14       2       2       0   .abs_section_14
     _SCIBD                                      20       2       2       1   .abs_section_20
     _TPMCNT                                     41       2       2       0   .abs_section_41
     _TPMMOD                                     43       2       2       0   .abs_section_43
     _TPMC0V                                     46       2       2       0   .abs_section_46
     _TPMC1V                                     49       2       2       0   .abs_section_49
     _SDID                                     1806       2       2       0   .abs_section_1806
     _DBGCA                                    1810       2       2       0   .abs_section_1810
     _DBGCB                                    1812       2       2       0   .abs_section_1812
     _DBGF                                     1814       2       2       0   .abs_section_1814
MODULE:                 -- rtshc08.o (ansiis.lib) --
- PROCEDURES:
     _PUSH_ARGS_L                              EBD6      20      32       3   .text       
     _ENTER_UNARY_L                            EBF6      29      41       1   .text       
     _ENTER_BINARY_L                           EC1F      16      22       3   .text       
     _ENTER_BINARY_L_RC                        EC35      19      25       2   .text       
     _ENTER_BINARY_L_LC                        EC4E      1A      26       1   .text       
     _IDIVMOD                                  EC68      69     105       2   .text       
     _LADD_k_is_k_plus_j                       ECD1      1F      31       1   .text       
     _k_is_k_plus_j_l                          ECF0      1E      30       2   .text       
     _k_is_k_plus_j_i                          ED0E      12      18       3   .text       
     _LSUB_k_is_k_minus_j                      ED20      1F      31       1   .text       
     _LMUL_k_is_k_mul_j                        ED3F      81     129       1   .text       
     _LDIVMOD                                  EDC0      A4     164       1   .text       
     _LDIVU_k_is_k_div_j                       EE64      17      23       2   .text       
     _LCMP_k_rel_j                             EE7B      1F      31       1   .text       
     _IMUL_STAR08                              EE9A      27      39       1   .text       
     _IDIVU_STAR08                             EEC1       D      13       1   .text       
     _IMODU_STAR08                             EECE      10      16       1   .text       
     _IMODU_8                                  EEDE      12      18       1   .text       
     _ICMP                                     EEF0      16      22       2   .text       
     _LDEC                                     EF06      1C      28       1   .text       
     _LADD                                     EF22       6       6       1   .text       
     _LSUB                                     EF28       6       6       1   .text       
     _LMUL_RC                                  EF2E       6       6       3   .text       
     _LDIVU_LC                                 EF34       6       6       1   .text       
     _LDIVU_RC                                 EF3A       6       6       2   .text       
     _LCMP                                     EF40       6       6       1   .text       
     _COPY                                     EF46      30      48       2   .text       
     _POP32                                    EF76      1A      26       4   .text       
     _Jump_Table_Header_Offset                 EF90      24      36       1   .text       
- VARIABLES:

*********************************************************************************************
MODULE STATISTIC
  Name                                      Data   Code  Const
---------------------------------------------------------------------------------------------
  ADC_c.obj                                    0     21      0
  LCD_Manager_c.obj                           23    222      6
  MTIM_c.obj                                   2     32      2
  MessageManager_c.obj                        94    288      0
  ModeManager_c.obj                            1     14      0
  PowerManager_c.obj                           1     13      0
  SCI_c.obj                                   36    144      4
  SPI_c.obj                                    0     38      0
  SpeedManager_c.obj                           4     53      0
  StepManager_c.obj                            2    112      8
  StringUtils_c.obj                            6    417      0
  TemperatureManager_c.obj                     3     80      0
  TimersManager_c.obj                         16    424      0
  main_c.obj                                  96    895    117
  start08_c.obj                                0    132      0
  mc9s08qg8_c.obj                             85      0      0
  rtshc08.o (ansiis.lib)                       0    990      0
  other                                       64     16     51

*********************************************************************************************
SECTION USE IN OBJECT-ALLOCATION SECTION
---------------------------------------------------------------------------------------------
SECTION: ".text"
  ADC_Init LCDManager_Init LCDManager_IsBusy LCDManager_WriteMessage 
  LCDManager_PeriodicTask MTIM_Init MTIM_RegisterIsrCallback MTIM_isr 
  MessageManager_Init MessageManager_buildMessage MessageManager_IsMessageReady 
  MessageManager_getMessage MessageManager_SendMessage MessageManager_TxIsBusy 
  MessageManager_reConstructMessage MessageManager_cleanBuffers 
  ModeManager_Init ModeManager_IsClockWise ModeManager_SetDirection 
  PowerManager_Init PowerManager_IsMotorON PowerManager_setMotor SCI_InitTx 
  SCI_SendMessage SCI_TxIsBusy SCI_InitRx SCI_RxSetCallback 
  SCI_BaudRateModuloDivisor SCI_Tx_IRS SCI_Rx_IRS SPI_Init SPI_TxIsBusy 
  SPI_SendData SpeedManager_Init SpeedManager_getSpeedDelay 
  SpeedManager_setSpeed StepManager_Init StepManager_RotateClockWise 
  StepManager_RotateCounterClockWise StepManager_SetValue 
  StepManager_ResetClockwiseMode StepManager_ResetCounterClockwiseMode 
  StepManager_Overflow StepManager_Underflow StringUtils_StringCompare 
  StringUtils_Str2Num StringUtils_Num2Str StringUtils_StringCopy 
  TemperatureManager_Init TemperatureManager_getTemperature 
  TemperatureManager_IsOverTemperatureDetected 
  TemperatureManager_setTemperatureLimit TimersMngr_Init 
  TimersMngr_PeriodicTask TimersMngr_CreateTimer TimersMngr_StartTimer 
  TimersMngr_TimerHasElapsed TimersMngr_UpdateCount main _PUSH_ARGS_L 
  _ENTER_UNARY_L _ENTER_BINARY_L _ENTER_BINARY_L_RC _ENTER_BINARY_L_LC _IDIVMOD 
  _LADD_k_is_k_plus_j _k_is_k_plus_j_l _k_is_k_plus_j_i _LSUB_k_is_k_minus_j 
  _LMUL_k_is_k_mul_j _LDIVMOD _LDIVU_k_is_k_div_j _LCMP_k_rel_j _IMUL_STAR08 
  _IDIVU_STAR08 _IMODU_STAR08 _IMODU_8 _ICMP _LDEC _LADD _LSUB _LMUL_RC 
  _LDIVU_LC _LDIVU_RC _LCMP _COPY _POP32 _Jump_Table_Header_Offset 
SECTION: ".data"
  cTemperatureReport cLCDMessage1 cLCDMessage2 cLCDMessage3 
SECTION: ".bss"
  cMessage u8MsgSize u8IndexPos bIsBusy u8Column u8Line u8State u8Command 
  sMtimIsrCallback cRxMsg u8RxIndex u8BufferSelect bIsMsgReady cMessage 
  u8MessageSize _bIsClockWise bIsMotorON cTxMsg u8TxSize u8TxIndex bTxIsBusy 
  fnRxCallback cRxData u32MotorSpeedDelay u8CurrentStep u8StringVal 
  StringsEqual tempNum accumulatedValue invalidString index 
  bOverTemperatureDetected u16TemperatureLimit sTimersObjArray su8Timers 
  su16ElapsedTime su8ActiveTimers bMessageSucces bMessageFail bOverTempMsgSent 
  tempspeed templimit motorTimerID temperatureTimerID degrees_to_steps 
  u32StepsLeft index bLCDMessage1Success bLCDMessage2Success 
  bLCDMessage3Success 
SECTION: ".init"
  loadByte Init _Startup 
SECTION: ".rodata"
  initialization u8StepArray kMotorMsg kMotorMsgON kMotorMsgOFF kDirMsg 
  kDirMsgCW kDirMsgCCW kRPSMsg kTempLimitMsg kStepMsg kDONEMsg kENTERMsg 
  kOvTempMsg 
SECTION: ".rodata1"
  STRING.D.CW..2 STRING.D.CW..16 STRING.D.CCW.17 
SECTION: ".abs_section_ffe6"
  _Vector_12 
SECTION: ".abs_section_ffde"
  _Vector_16 
SECTION: ".abs_section_ffe0"
  _Vector_15 
SECTION: ".common"
  u8MessageSize cMainMessage 
SECTION: ".abs_section_0"
  _PTAD 
SECTION: ".abs_section_1"
  _PTADD 
SECTION: ".abs_section_2"
  _PTBD 
SECTION: ".abs_section_3"
  _PTBDD 
SECTION: ".abs_section_c"
  _KBISC 
SECTION: ".abs_section_d"
  _KBIPE 
SECTION: ".abs_section_e"
  _KBIES 
SECTION: ".abs_section_f"
  _IRQSC 
SECTION: ".abs_section_10"
  _ADCSC1 
SECTION: ".abs_section_11"
  _ADCSC2 
SECTION: ".abs_section_16"
  _ADCCFG 
SECTION: ".abs_section_17"
  _APCTL1 
SECTION: ".abs_section_1a"
  _ACMPSC 
SECTION: ".abs_section_22"
  _SCIC1 
SECTION: ".abs_section_23"
  _SCIC2 
SECTION: ".abs_section_24"
  _SCIS1 
SECTION: ".abs_section_25"
  _SCIS2 
SECTION: ".abs_section_26"
  _SCIC3 
SECTION: ".abs_section_27"
  _SCID 
SECTION: ".abs_section_28"
  _SPIC1 
SECTION: ".abs_section_29"
  _SPIC2 
SECTION: ".abs_section_2a"
  _SPIBR 
SECTION: ".abs_section_2b"
  _SPIS 
SECTION: ".abs_section_2d"
  _SPID 
SECTION: ".abs_section_30"
  _IICA 
SECTION: ".abs_section_31"
  _IICF 
SECTION: ".abs_section_32"
  _IICC 
SECTION: ".abs_section_33"
  _IICS 
SECTION: ".abs_section_34"
  _IICD 
SECTION: ".abs_section_38"
  _ICSC1 
SECTION: ".abs_section_39"
  _ICSC2 
SECTION: ".abs_section_3a"
  _ICSTRM 
SECTION: ".abs_section_3b"
  _ICSSC 
SECTION: ".abs_section_3c"
  _MTIMSC 
SECTION: ".abs_section_3d"
  _MTIMCLK 
SECTION: ".abs_section_3e"
  _MTIMCNT 
SECTION: ".abs_section_3f"
  _MTIMMOD 
SECTION: ".abs_section_40"
  _TPMSC 
SECTION: ".abs_section_45"
  _TPMC0SC 
SECTION: ".abs_section_48"
  _TPMC1SC 
SECTION: ".abs_section_1800"
  _SRS 
SECTION: ".abs_section_1801"
  _SBDFR 
SECTION: ".abs_section_1802"
  _SOPT1 
SECTION: ".abs_section_1803"
  _SOPT2 
SECTION: ".abs_section_1808"
  _SRTISC 
SECTION: ".abs_section_1809"
  _SPMSC1 
SECTION: ".abs_section_180a"
  _SPMSC2 
SECTION: ".abs_section_180c"
  _SPMSC3 
SECTION: ".abs_section_1816"
  _DBGC 
SECTION: ".abs_section_1817"
  _DBGT 
SECTION: ".abs_section_1818"
  _DBGS 
SECTION: ".abs_section_1820"
  _FCDIV 
SECTION: ".abs_section_1821"
  _FOPT 
SECTION: ".abs_section_1823"
  _FCNFG 
SECTION: ".abs_section_1824"
  _FPROT 
SECTION: ".abs_section_1825"
  _FSTAT 
SECTION: ".abs_section_1826"
  _FCMD 
SECTION: ".abs_section_1840"
  _PTAPE 
SECTION: ".abs_section_1841"
  _PTASE 
SECTION: ".abs_section_1842"
  _PTADS 
SECTION: ".abs_section_1844"
  _PTBPE 
SECTION: ".abs_section_1845"
  _PTBSE 
SECTION: ".abs_section_1846"
  _PTBDS 
SECTION: ".abs_section_12"
  _ADCR 
SECTION: ".abs_section_14"
  _ADCCV 
SECTION: ".abs_section_20"
  _SCIBD 
SECTION: ".abs_section_41"
  _TPMCNT 
SECTION: ".abs_section_43"
  _TPMMOD 
SECTION: ".abs_section_46"
  _TPMC0V 
SECTION: ".abs_section_49"
  _TPMC1V 
SECTION: ".abs_section_1806"
  _SDID 
SECTION: ".abs_section_1810"
  _DBGCA 
SECTION: ".abs_section_1812"
  _DBGCB 
SECTION: ".abs_section_1814"
  _DBGF 

*********************************************************************************************
OBJECT LIST SORTED BY ADDRESS
     Name                                      Addr   hSize   dSize     Ref    Section   RLIB
---------------------------------------------------------------------------------------------
     _PTAD                                        0       1       1       5   .abs_section_0
     _PTADD                                       1       1       1       1   .abs_section_1
     _PTBD                                        2       1       1       2   .abs_section_2
     _PTBDD                                       3       1       1       1   .abs_section_3
     _KBISC                                       C       1       1       0   .abs_section_c
     _KBIPE                                       D       1       1       0   .abs_section_d
     _KBIES                                       E       1       1       0   .abs_section_e
     _IRQSC                                       F       1       1       0   .abs_section_f
     _ADCSC1                                     10       1       1       3   .abs_section_10
     _ADCSC2                                     11       1       1       0   .abs_section_11
     _ADCR                                       12       2       2       1   .abs_section_12
     _ADCCV                                      14       2       2       0   .abs_section_14
     _ADCCFG                                     16       1       1       2   .abs_section_16
     _APCTL1                                     17       1       1       1   .abs_section_17
     _ACMPSC                                     1A       1       1       0   .abs_section_1a
     _SCIBD                                      20       2       2       1   .abs_section_20
     _SCIC1                                      22       1       1       0   .abs_section_22
     _SCIC2                                      23       1       1       5   .abs_section_23
     _SCIS1                                      24       1       1       2   .abs_section_24
     _SCIS2                                      25       1       1       0   .abs_section_25
     _SCIC3                                      26       1       1       0   .abs_section_26
     _SCID                                       27       1       1       3   .abs_section_27
     _SPIC1                                      28       1       1       5   .abs_section_28
     _SPIC2                                      29       1       1       2   .abs_section_29
     _SPIBR                                      2A       1       1       4   .abs_section_2a
     _SPIS                                       2B       1       1       1   .abs_section_2b
     _SPID                                       2D       1       1       1   .abs_section_2d
     _IICA                                       30       1       1       0   .abs_section_30
     _IICF                                       31       1       1       0   .abs_section_31
     _IICC                                       32       1       1       0   .abs_section_32
     _IICS                                       33       1       1       0   .abs_section_33
     _IICD                                       34       1       1       0   .abs_section_34
     _ICSC1                                      38       1       1       0   .abs_section_38
     _ICSC2                                      39       1       1       0   .abs_section_39
     _ICSTRM                                     3A       1       1       0   .abs_section_3a
     _ICSSC                                      3B       1       1       0   .abs_section_3b
     _MTIMSC                                     3C       1       1       4   .abs_section_3c
     _MTIMCLK                                    3D       1       1       1   .abs_section_3d
     _MTIMCNT                                    3E       1       1       0   .abs_section_3e
     _MTIMMOD                                    3F       1       1       1   .abs_section_3f
     _TPMSC                                      40       1       1       0   .abs_section_40
     _TPMCNT                                     41       2       2       0   .abs_section_41
     _TPMMOD                                     43       2       2       0   .abs_section_43
     _TPMC0SC                                    45       1       1       0   .abs_section_45
     _TPMC0V                                     46       2       2       0   .abs_section_46
     _TPMC1SC                                    48       1       1       0   .abs_section_48
     _TPMC1V                                     49       2       2       0   .abs_section_49
     cTemperatureReport                         100      19      25       3   .data       
     cLCDMessage1                               119       2       2       2   .data       
     cLCDMessage2                               11B       9       9       2   .data       
     cLCDMessage3                               124       A      10       2   .data       
     cMessage                                   12E      10      16       2   .bss        
     u8MsgSize                                  13E       1       1       3   .bss        
     u8IndexPos                                 13F       1       1       5   .bss        
     bIsBusy                                    140       1       1       4   .bss        
     u8Column                                   141       1       1       2   .bss        
     u8Line                                     142       1       1       2   .bss        
     u8State                                    143       1       1       5   .bss        
     u8Command                                  144       1       1       1   .bss        
     sMtimIsrCallback                           145       2       2       2   .bss        
     cRxMsg                                     147      3C      60       3   .bss        
     u8RxIndex                                  183       1       1      13   .bss        
     u8BufferSelect                             184       1       1      11   .bss        
     bIsMsgReady                                185       1       1       4   .bss        
     cMessage                                   186      1E      30       3   .bss        
     u8MessageSize                              1A4       1       1       8   .bss        
     _bIsClockWise                              1A5       1       1       3   .bss        
     bIsMotorON                                 1A6       1       1       3   .bss        
     cTxMsg                                     1A7      1E      30       3   .bss        
     u8TxSize                                   1C5       1       1       2   .bss        
     u8TxIndex                                  1C6       1       1       4   .bss        
     bTxIsBusy                                  1C7       1       1       3   .bss        
     fnRxCallback                               1C8       2       2       2   .bss        
     cRxData                                    1CA       1       1       1   .bss        
     u32MotorSpeedDelay                         1CB       4       4       4   .bss        
     u8CurrentStep                              1CF       1       1       9   .bss        
     u8StringVal                                1D0       1       1       1   .bss        
     StringsEqual                               1D1       1       1       4   .bss        
     tempNum                                    1D2       1       1       2   .bss        
     accumulatedValue                           1D3       2       2      10   .bss        
     invalidString                              1D5       1       1       6   .bss        
     index                                      1D6       1       1      17   .bss        
     bOverTemperatureDetected                   1D7       1       1       3   .bss        
     u16TemperatureLimit                        1D8       2       2       3   .bss        
     sTimersObjArray                            1DA       C      12      25   .bss        
     su8Timers                                  1E6       1       1       5   .bss        
     su16ElapsedTime                            1E7       2       2       4   .bss        
     su8ActiveTimers                            1E9       1       1       2   .bss        
     bMessageSucces                             1EA       1       1       5   .bss        
     bMessageFail                               1EB       1       1       4   .bss        
     bOverTempMsgSent                           1EC       1       1       4   .bss        
     tempspeed                                  1ED       2       2       3   .bss        
     templimit                                  1EF       2       2       2   .bss        
     motorTimerID                               1F1       1       1       3   .bss        
     temperatureTimerID                         1F2       1       1       3   .bss        
     degrees_to_steps                           1F3       2       2       3   .bss        
     u32StepsLeft                               1F5       4       4       7   .bss        
     index                                      1F9       1       1       4   .bss        
     bLCDMessage1Success                        1FA       1       1       4   .bss        
     bLCDMessage2Success                        1FB       1       1       4   .bss        
     bLCDMessage3Success                        1FC       1       1       4   .bss        
     u8MessageSize                              1FD       1       1       1   .common     
     cMainMessage                               1FE      1E      30      18   .common     
     _SRS                                      1800       1       1       1   .abs_section_1800
     _SBDFR                                    1801       1       1       0   .abs_section_1801
     _SOPT1                                    1802       1       1       0   .abs_section_1802
     _SOPT2                                    1803       1       1       0   .abs_section_1803
     _SDID                                     1806       2       2       0   .abs_section_1806
     _SRTISC                                   1808       1       1       0   .abs_section_1808
     _SPMSC1                                   1809       1       1       0   .abs_section_1809
     _SPMSC2                                   180A       1       1       0   .abs_section_180a
     _SPMSC3                                   180C       1       1       0   .abs_section_180c
     _DBGCA                                    1810       2       2       0   .abs_section_1810
     _DBGCB                                    1812       2       2       0   .abs_section_1812
     _DBGF                                     1814       2       2       0   .abs_section_1814
     _DBGC                                     1816       1       1       0   .abs_section_1816
     _DBGT                                     1817       1       1       0   .abs_section_1817
     _DBGS                                     1818       1       1       0   .abs_section_1818
     _FCDIV                                    1820       1       1       0   .abs_section_1820
     _FOPT                                     1821       1       1       0   .abs_section_1821
     _FCNFG                                    1823       1       1       0   .abs_section_1823
     _FPROT                                    1824       1       1       0   .abs_section_1824
     _FSTAT                                    1825       1       1       0   .abs_section_1825
     _FCMD                                     1826       1       1       0   .abs_section_1826
     _PTAPE                                    1840       1       1       0   .abs_section_1840
     _PTASE                                    1841       1       1       0   .abs_section_1841
     _PTADS                                    1842       1       1       0   .abs_section_1842
     _PTBPE                                    1844       1       1       0   .abs_section_1844
     _PTBSE                                    1845       1       1       0   .abs_section_1845
     _PTBDS                                    1846       1       1       0   .abs_section_1846
     loadByte                                  E000       E      14       5   .init       
     Init                                      E00E      6D     109       1   .init       
     _Startup                                  E07B       9       9       0   .init       
     initialization                            E092       6       6       1   .rodata     
     u8StepArray                               E098       8       8       3   .rodata     
     kMotorMsg                                 E0A0       7       7       1   .rodata     
     kMotorMsgON                               E0A7       4       4       1   .rodata     
     kMotorMsgOFF                              E0AB       6       6       1   .rodata     
     kDirMsg                                   E0B1       5       5       1   .rodata     
     kDirMsgCW                                 E0B6       4       4       1   .rodata     
     kDirMsgCCW                                E0BA       5       5       1   .rodata     
     kRPSMsg                                   E0BF       5       5       1   .rodata     
     kTempLimitMsg                             E0C4       C      12       1   .rodata     
     kStepMsg                                  E0D0       9       9       1   .rodata     
     kDONEMsg                                  E0D9       9       9       1   .rodata     
     kENTERMsg                                 E0E2       3       3       1   .rodata     
     kOvTempMsg                                E0E5      1E      30       1   .rodata     
     STRING.D.CW..2                            E103       6       6       1   .rodata1    
     STRING.D.CW..16                           E109       6       6       1   .rodata1    
     STRING.D.CCW.17                           E10F       6       6       1   .rodata1    
     ADC_Init                                  E115      15      21       1   .text       
     LCDManager_Init                           E12A      2A      42       1   .text       
     LCDManager_IsBusy                         E154       4       4       1   .text       
     LCDManager_WriteMessage                   E158      45      69       3   .text       
     LCDManager_PeriodicTask                   E19D      6B     107       1   .text       
     MTIM_Init                                 E208       A      10       1   .text       
     MTIM_RegisterIsrCallback                  E212       9       9       1   .text       
     MTIM_isr                                  E21B       D      13       1   .text       
     MessageManager_Init                       E228      1A      26       1   .text       
     MessageManager_buildMessage               E242      68     104       1   .text       
     MessageManager_IsMessageReady             E2AA       4       4       1   .text       
     MessageManager_getMessage                 E2AE      2D      45       1   .text       
     MessageManager_SendMessage                E2DB       3       3       4   .text       
     MessageManager_TxIsBusy                   E2DE       3       3       1   .text       
     MessageManager_reConstructMessage         E2E1      42      66       1   .text       
     MessageManager_cleanBuffers               E323      25      37       1   .text       
     ModeManager_Init                          E348       6       6       1   .text       
     ModeManager_IsClockWise                   E34E       4       4       1   .text       
     ModeManager_SetDirection                  E352       4       4       2   .text       
     PowerManager_Init                         E356       5       5       1   .text       
     PowerManager_IsMotorON                    E35B       4       4       1   .text       
     PowerManager_setMotor                     E35F       4       4       2   .text       
     SCI_InitTx                                E363       8       8       1   .text       
     SCI_SendMessage                           E36B      3F      63       1   .text       
     SCI_TxIsBusy                              E3AA       4       4       1   .text       
     SCI_InitRx                                E3AE       5       5       1   .text       
     SCI_RxSetCallback                         E3B3       9       9       1   .text       
     SCI_BaudRateModuloDivisor                 E3BC       4       4       1   .text       
     SCI_Tx_IRS                                E3C0      23      35       1   .text       
     SCI_Rx_IRS                                E3E3      10      16       1   .text       
     SPI_Init                                  E3F3      1B      27       1   .text       
     SPI_TxIsBusy                              E40E       8       8       3   .text       
     SPI_SendData                              E416       3       3       3   .text       
     SpeedManager_Init                         E419       C      12       1   .text       
     SpeedManager_getSpeedDelay                E425       B      11       2   .text       
     SpeedManager_setSpeed                     E430      1E      30       1   .text       
     StepManager_Init                          E44E       E      14       1   .text       
     StepManager_RotateClockWise               E45C      19      25       1   .text       
     StepManager_RotateCounterClockWise        E475      19      25       1   .text       
     StepManager_SetValue                      E48E       F      15       3   .text       
     StepManager_ResetClockwiseMode            E49D       5       5       1   .text       
     StepManager_ResetCounterClockwiseMode       E4A2       6       6       1   .text       
     StepManager_Overflow                      E4A8       B      11       1   .text       
     StepManager_Underflow                     E4B3       B      11       1   .text       
     StringUtils_StringCompare                 E4BE      45      69       9   .text       
     StringUtils_Str2Num                       E503      AF     175       3   .text       
     StringUtils_Num2Str                       E5B2      84     132       1   .text       
     StringUtils_StringCopy                    E636      29      41       2   .text       
     TemperatureManager_Init                   E65F       E      14       1   .text       
     TemperatureManager_getTemperature         E66D      3A      58       2   .text       
     TemperatureManager_IsOverTemperatureDetected       E6A7       4       4       2   .text       
     TemperatureManager_setTemperatureLimit       E6AB       4       4       1   .text       
     TimersMngr_Init                           E6AF      41      65       1   .text       
     TimersMngr_PeriodicTask                   E6F0      D0     208       5   .text       
     TimersMngr_CreateTimer                    E7C0      2D      45       2   .text       
     TimersMngr_StartTimer                     E7ED      3D      61       2   .text       
     TimersMngr_TimerHasElapsed                E82A      24      36       2   .text       
     TimersMngr_UpdateCount                    E84E       9       9       1   .text       
     main                                      E857     37F     895      19   .text       
     _PUSH_ARGS_L                              EBD6      20      32       3   .text       
     _ENTER_UNARY_L                            EBF6      29      41       1   .text       
     _ENTER_BINARY_L                           EC1F      16      22       3   .text       
     _ENTER_BINARY_L_RC                        EC35      19      25       2   .text       
     _ENTER_BINARY_L_LC                        EC4E      1A      26       1   .text       
     _IDIVMOD                                  EC68      69     105       2   .text       
     _LADD_k_is_k_plus_j                       ECD1      1F      31       1   .text       
     _k_is_k_plus_j_l                          ECF0      1E      30       2   .text       
     _k_is_k_plus_j_i                          ED0E      12      18       3   .text       
     _LSUB_k_is_k_minus_j                      ED20      1F      31       1   .text       
     _LMUL_k_is_k_mul_j                        ED3F      81     129       1   .text       
     _LDIVMOD                                  EDC0      A4     164       1   .text       
     _LDIVU_k_is_k_div_j                       EE64      17      23       2   .text       
     _LCMP_k_rel_j                             EE7B      1F      31       1   .text       
     _IMUL_STAR08                              EE9A      27      39       1   .text       
     _IDIVU_STAR08                             EEC1       D      13       1   .text       
     _IMODU_STAR08                             EECE      10      16       1   .text       
     _IMODU_8                                  EEDE      12      18       1   .text       
     _ICMP                                     EEF0      16      22       2   .text       
     _LDEC                                     EF06      1C      28       1   .text       
     _LADD                                     EF22       6       6       1   .text       
     _LSUB                                     EF28       6       6       1   .text       
     _LMUL_RC                                  EF2E       6       6       3   .text       
     _LDIVU_LC                                 EF34       6       6       1   .text       
     _LDIVU_RC                                 EF3A       6       6       2   .text       
     _LCMP                                     EF40       6       6       1   .text       
     _COPY                                     EF46      30      48       2   .text       
     _POP32                                    EF76      1A      26       4   .text       
     _Jump_Table_Header_Offset                 EF90      24      36       1   .text       
     _Vector_16                                FFDE       2       2       0   .abs_section_ffde
     _Vector_15                                FFE0       2       2       0   .abs_section_ffe0
     _Vector_12                                FFE6       2       2       0   .abs_section_ffe6

*********************************************************************************************
UNUSED-OBJECTS SECTION
---------------------------------------------------------------------------------------------
NOT USED PROCEDURES
TimersManager_c.obj:
  TimersMngr_StopTimer TimersMngr_SetPointer 
rtshc08.o (ansiis.lib):
  _PUSH_ARGS_D _ENTER_UNARY_L64 _ENTER_UNARY_L64_4 _ENTER_BINARY_L64 
  _ENTER_BINARY_L64_LC _ENTER_BINARY_L64_RC _SPLITSIGN _LAND_k_is_k_and_j 
  _LOR_k_is_k_or_j _LXOR_k_is_k_xor_j _NEG_L_HX _ABS_L_HX _SPLITSIGN_L 
  _LMODU_k_is_k_mod_j _LMODS_k_is_k_mod_j _LDIVS_k_is_k_div_j _CMP24_k_rel_j 
  _BMULS _BDIVS _BMODS _IDIVS_STAR08 _IMODS_STAR08 _IDIVU_8 _IASR _ILSR _ILSL 
  _LINC _LNEG _LNOT _LADD_RC _LSUB_LC _LSUB_RC _LAND _LAND_RC _LOR _LOR_RC 
  _LXOR _LXOR_RC _LMUL _LDIVS _LDIVS_LC _LDIVS_RC _LDIVU _LMODS _LMODS_LC 
  _LMODS_RC _LMODU _LMODU_LC _LMODU_RC _LASR _LLSR _LLSL _LCMP_RC _PUSH_ARGS_24 
  _ENTER_BINARY_24_RC _ENTER_BINARY_24 _CMP24 _CMP24_RC _COPY_L _POP64 _STORE32 
  _STORE64 _SEXT8_32 _SEXT16_32 _CALL_STAR08 _CALL_STAR08_FAR _Jump_Table_Addr 
  _Jump_Table_Offset _Jump_Table_Header_Addr _Search_Table_16_Addr 
  _Search_Table_16_Offset _Search_Table_8_Addr _Search_Table_8_Offset _PUSH_CC 
  _POP_CC _CONV_FAR_TO_NEAR _CONV_FAR_TO_LINEAR _CONV_LINEAR_TO_FAR 
NOT USED VARIABLES
LCD_Manager_c.obj:
  initSize 
main_c.obj:
  kMotorMsgSize kMotorMsgONSize kMotorMsgOFFSize kDirMsgSize kDirMsgCWSize 
  kDirMsgCCWSize kRPSMsgSize kRPSValueMsgSize kRPSNumOfDecimals kRPSEndOfMsg 
  kTempLimitMsgSize kTempLimitValueMsgSize kTempLimitNumOfDecimals 
  kTempLimitEndOfMsg kTempReportStart kTempReportMsgSize kStepMsgSize 
  kStepValueMsgSize kStepNumOfDecimals kStepEndOfMsg kDONEMsgSize kENTERMsgSize 
  kOvTempMsgSize LCDSpeed_fromIndex LCDSpeed_toIndex LCDSpeed_size 
  LCDTemp_fromIndex LCDTemp_toIndex LCDTemp_size LCDMessage1size 
  LCDMessage1line LCDMessage1col LCDMessage2size LCDMessage2line LCDMessage2col 
  LCDMessage3size LCDMessage3line LCDMessage3col 
rtshc08.o (ansiis.lib):
  _PowOfTwo_8 _PowOfTwo_16 _PowOfTwo_32 errno 

*********************************************************************************************
COPYDOWN SECTION
---------------------------------------------------------------------------------------------
------- ROM-ADDRESS: 0xEFB4 ---- SIZE       4 ---
Filling bytes inserted
 002D0100
------- ROM-ADDRESS: 0xEFB8 ---- RAM-ADDRESS: 0x100 ---- SIZE      24 ---
Name of initialized Object : cTemperatureReport
 0D0A54656D 7065726174 7572653A20
 2020202E20 20430D0A
------- ROM-ADDRESS: 0xEFD0 ---- SIZE       1 ---
Filling bytes inserted
 00
------- ROM-ADDRESS: 0xEFD1 ---- RAM-ADDRESS: 0x119 ---- SIZE       2 ---
Name of initialized Object : cLCDMessage1
 E103
------- ROM-ADDRESS: 0xEFD3 ---- RAM-ADDRESS: 0x11B ---- SIZE       9 ---
Name of initialized Object : cLCDMessage2
 543A202020 2E20DF43
------- ROM-ADDRESS: 0xEFDC ---- RAM-ADDRESS: 0x124 ---- SIZE       9 ---
Name of initialized Object : cLCDMessage3
 533A30302E 32525053
------- ROM-ADDRESS: 0xEFE5 ---- SIZE       2 ---
Filling bytes inserted
 0000

*********************************************************************************************
OBJECT-DEPENDENCIES SECTION
---------------------------------------------------------------------------------------------
cLCDMessage1              USES STRING.D.CW..2 
Init                      USES _startupData loadByte 
_Startup                  USES __SEG_END_SSTACK Init main 
ADC_Init                  USES _APCTL1 _ADCCFG _ADCSC1 
LCDManager_Init           USES SPI_Init _PTAD _PTADD SPI_TxIsBusy 
                                initialization SPI_SendData bIsBusy u8State 
LCDManager_IsBusy         USES bIsBusy 
LCDManager_WriteMessage   USES u8MsgSize cMessage u8IndexPos u8Line u8Column 
                                bIsBusy u8State 
LCDManager_PeriodicTask   USES u8State _Jump_Table_Header_Offset bIsBusy _PTAD 
                                SPI_TxIsBusy u8Line u8Column u8Command SPI_SendData 
                                u8IndexPos cMessage u8MsgSize 
MTIM_Init                 USES _MTIMSC _MTIMCLK _MTIMMOD 
MTIM_RegisterIsrCallback  USES sMtimIsrCallback 
MTIM_isr                  USES _MTIMSC sMtimIsrCallback 
MessageManager_Init       USES SCI_InitTx SCI_InitRx 
                                MessageManager_buildMessage SCI_RxSetCallback u8RxIndex u8BufferSelect 
                                u8MessageSize bIsMsgReady 
MessageManager_buildMessage USES u8MessageSize u8BufferSelect u8RxIndex cRxMsg 
                                MessageManager_reConstructMessage bIsMsgReady 
MessageManager_IsMessageReady USES bIsMsgReady 
MessageManager_getMessage USES cMessage u8MessageSize bIsMsgReady 
                                MessageManager_cleanBuffers 
MessageManager_SendMessage USES SCI_SendMessage 
MessageManager_TxIsBusy   USES SCI_TxIsBusy 
MessageManager_reConstructMessage USES u8RxIndex u8BufferSelect cRxMsg 
                                cMessage u8MessageSize 
MessageManager_cleanBuffers USES u8RxIndex cMessage u8MessageSize 
                                u8BufferSelect 
ModeManager_Init          USES _bIsClockWise 
ModeManager_IsClockWise   USES _bIsClockWise 
ModeManager_SetDirection  USES _bIsClockWise 
PowerManager_Init         USES bIsMotorON 
PowerManager_IsMotorON    USES bIsMotorON 
PowerManager_setMotor     USES bIsMotorON 
SCI_InitTx                USES SCI_BaudRateModuloDivisor _SCIBD _SCIC2 
SCI_SendMessage           USES cTxMsg u8TxSize u8TxIndex _SCID _SCIC2 
                                bTxIsBusy 
SCI_TxIsBusy              USES bTxIsBusy 
SCI_InitRx                USES _SCIC2 
SCI_RxSetCallback         USES fnRxCallback 
SCI_Tx_IRS                USES _SCIS1 u8TxSize u8TxIndex _SCIC2 bTxIsBusy 
                                cTxMsg _SCID 
SCI_Rx_IRS                USES _SCIS1 _SCID cRxData fnRxCallback 
SPI_Init                  USES _SPIC1 _SPIC2 _SPIBR 
SPI_TxIsBusy              USES _SPIS 
SPI_SendData              USES _SPID 
SpeedManager_Init         USES u32MotorSpeedDelay 
SpeedManager_getSpeedDelay USES u32MotorSpeedDelay _COPY 
SpeedManager_setSpeed     USES _LMUL_RC _LDIVU_LC u32MotorSpeedDelay _POP32 
StepManager_Init          USES u8CurrentStep u8StepArray StepManager_SetValue 
                                _PTBDD 
StepManager_RotateClockWise USES u8CurrentStep u8StepArray 
                                StepManager_SetValue StepManager_Overflow 
                                StepManager_ResetClockwiseMode 
StepManager_RotateCounterClockWise USES u8CurrentStep u8StepArray 
                                StepManager_SetValue StepManager_Underflow 
                                StepManager_ResetCounterClockwiseMode 
StepManager_SetValue      USES _PTBD u8StringVal 
StepManager_ResetClockwiseMode USES u8CurrentStep 
StepManager_ResetCounterClockwiseMode USES u8CurrentStep 
StepManager_Overflow      USES u8CurrentStep 
StepManager_Underflow     USES u8CurrentStep 
StringUtils_StringCompare USES StringsEqual index 
StringUtils_Str2Num       USES accumulatedValue invalidString index _ICMP 
                                tempNum _IMUL_STAR08 
StringUtils_Num2Str       USES accumulatedValue index _ICMP _IMODU_8 
                                _IDIVU_STAR08 
TemperatureManager_Init   USES ADC_Init bOverTemperatureDetected 
                                u16TemperatureLimit 
TemperatureManager_getTemperature USES _ADCR _LMUL_RC _LDIVU_RC 
                                u16TemperatureLimit bOverTemperatureDetected 
TemperatureManager_IsOverTemperatureDetected USES bOverTemperatureDetected 
TemperatureManager_setTemperatureLimit USES u16TemperatureLimit 
TimersMngr_Init           USES sTimersObjArray su8ActiveTimers su8Timers 
                                MTIM_Init TimersMngr_UpdateCount 
                                MTIM_RegisterIsrCallback _MTIMSC 
TimersMngr_PeriodicTask   USES su16ElapsedTime TimersMngr_PeriodicTask 
                                sTimersObjArray _LCMP _LSUB _POP32 su8Timers 
TimersMngr_CreateTimer    USES su8Timers sTimersObjArray 
TimersMngr_StartTimer     USES su8Timers sTimersObjArray _COPY su8ActiveTimers 
TimersMngr_TimerHasElapsed USES sTimersObjArray 
TimersMngr_UpdateCount    USES su16ElapsedTime 
main                      USES StepManager_Init LCDManager_Init 
                                MessageManager_Init PowerManager_Init ModeManager_Init 
                                SpeedManager_Init TemperatureManager_Init TimersMngr_Init 
                                bMessageSucces bMessageFail bOverTempMsgSent 
                                bLCDMessage1Success bLCDMessage2Success bLCDMessage3Success 
                                degrees_to_steps u32StepsLeft TimersMngr_CreateTimer 
                                motorTimerID temperatureTimerID main 
                                SpeedManager_getSpeedDelay TimersMngr_TimerHasElapsed 
                                TemperatureManager_IsOverTemperatureDetected PowerManager_IsMotorON _LDEC _POP32 
                                ModeManager_IsClockWise StepManager_RotateCounterClockWise 
                                StepManager_RotateClockWise MessageManager_IsMessageReady index 
                                cMainMessage u8MessageSize MessageManager_getMessage 
                                kMotorMsg StringUtils_StringCompare kMotorMsgON 
                                PowerManager_setMotor kMotorMsgOFF kDirMsg kDirMsgCW 
                                ModeManager_SetDirection STRING.D.CW..16 kDirMsgCCW STRING.D.CCW.17 
                                kRPSMsg tempspeed StringUtils_Str2Num cLCDMessage3 
                                StringUtils_StringCopy SpeedManager_setSpeed kTempLimitMsg templimit 
                                TemperatureManager_setTemperatureLimit kStepMsg _LMUL_RC _LDIVU_RC _LADD 
                                MessageManager_TxIsBusy kDONEMsg MessageManager_SendMessage kENTERMsg 
                                kOvTempMsg TemperatureManager_getTemperature 
                                cTemperatureReport StringUtils_Num2Str cLCDMessage2 
                                LCDManager_IsBusy cLCDMessage1 LCDManager_WriteMessage 
                                TimersMngr_PeriodicTask LCDManager_PeriodicTask _SRS 
                                TimersMngr_StartTimer 
_ENTER_BINARY_L           USES _PUSH_ARGS_L 
_ENTER_BINARY_L_RC        USES _PUSH_ARGS_L 
_ENTER_BINARY_L_LC        USES _PUSH_ARGS_L 
_LMUL_k_is_k_mul_j        USES _k_is_k_plus_j_l _k_is_k_plus_j_i 
_LDIVU_k_is_k_div_j       USES _LDIVMOD 
_IDIVU_STAR08             USES _IDIVMOD 
_IMODU_STAR08             USES _IDIVMOD 
_IMODU_8                  USES _IMODU_STAR08 
_LDEC                     USES _ENTER_UNARY_L 
_LADD                     USES _ENTER_BINARY_L _LADD_k_is_k_plus_j 
_LSUB                     USES _ENTER_BINARY_L _LSUB_k_is_k_minus_j 
_LMUL_RC                  USES _ENTER_BINARY_L_RC _LMUL_k_is_k_mul_j 
_LDIVU_LC                 USES _ENTER_BINARY_L_LC _LDIVU_k_is_k_div_j 
_LDIVU_RC                 USES _ENTER_BINARY_L_RC _LDIVU_k_is_k_div_j 
_LCMP                     USES _ENTER_BINARY_L _LCMP_k_rel_j 
_Vector_16                USES SCI_Tx_IRS 
_Vector_15                USES SCI_Rx_IRS 
_Vector_12                USES MTIM_isr 

*********************************************************************************************
DEPENDENCY TREE
*********************************************************************************************
 main and _Startup Group
 | 
 +- main                
 |  | 
 |  +- StepManager_Init    
 |  |  | 
 |  |  +- StepManager_SetValue
 |  |       
 |  +- LCDManager_Init     
 |  |  | 
 |  |  +- SPI_Init            
 |  |  |    
 |  |  +- SPI_TxIsBusy        
 |  |  |    
 |  |  +- SPI_SendData        
 |  |       
 |  +- MessageManager_Init 
 |  |  | 
 |  |  +- SCI_InitTx          
 |  |  |  | 
 |  |  |  +- SCI_BaudRateModuloDivisor
 |  |  |       
 |  |  +- SCI_InitRx          
 |  |  |    
 |  |  +- MessageManager_buildMessage
 |  |  |  | 
 |  |  |  +- MessageManager_reConstructMessage
 |  |  |       
 |  |  +- SCI_RxSetCallback   
 |  |       
 |  +- PowerManager_Init   
 |  |    
 |  +- ModeManager_Init    
 |  |    
 |  +- SpeedManager_Init   
 |  |    
 |  +- TemperatureManager_Init
 |  |  | 
 |  |  +- ADC_Init            
 |  |       
 |  +- TimersMngr_Init     
 |  |  | 
 |  |  +- MTIM_Init           
 |  |  |    
 |  |  +- TimersMngr_UpdateCount
 |  |  |    
 |  |  +- MTIM_RegisterIsrCallback
 |  |       
 |  +- TimersMngr_CreateTimer
 |  |    
 |  +- SpeedManager_getSpeedDelay
 |  |  | 
 |  |  +- _COPY               
 |  |       
 |  +- TimersMngr_TimerHasElapsed
 |  |    
 |  +- TemperatureManager_IsOverTemperatureDetected
 |  |    
 |  +- PowerManager_IsMotorON
 |  |    
 |  +- _LDEC               
 |  |  | 
 |  |  +- _ENTER_UNARY_L      
 |  |       
 |  +- _POP32              
 |  |    
 |  +- ModeManager_IsClockWise
 |  |    
 |  +- StepManager_RotateCounterClockWise
 |  |  | 
 |  |  +- StepManager_SetValue (see above)
 |  |  |  
 |  |  +- StepManager_Underflow
 |  |  |    
 |  |  +- StepManager_ResetCounterClockwiseMode
 |  |       
 |  +- StepManager_RotateClockWise
 |  |  | 
 |  |  +- StepManager_SetValue (see above)
 |  |  |  
 |  |  +- StepManager_Overflow
 |  |  |    
 |  |  +- StepManager_ResetClockwiseMode
 |  |       
 |  +- MessageManager_IsMessageReady
 |  |    
 |  +- MessageManager_getMessage
 |  |  | 
 |  |  +- MessageManager_cleanBuffers
 |  |       
 |  +- StringUtils_StringCompare
 |  |    
 |  +- PowerManager_setMotor
 |  |    
 |  +- ModeManager_SetDirection
 |  |    
 |  +- StringUtils_Str2Num 
 |  |  | 
 |  |  +- _ICMP               
 |  |  |    
 |  |  +- _IMUL_STAR08        
 |  |       
 |  +- StringUtils_StringCopy
 |  |    
 |  +- SpeedManager_setSpeed
 |  |  | 
 |  |  +- _LMUL_RC            
 |  |  |  | 
 |  |  |  +- _ENTER_BINARY_L_RC  
 |  |  |  |  | 
 |  |  |  |  +- _PUSH_ARGS_L        
 |  |  |  |       
 |  |  |  +- _LMUL_k_is_k_mul_j  
 |  |  |     | 
 |  |  |     +- _k_is_k_plus_j_l    
 |  |  |     |    
 |  |  |     +- _k_is_k_plus_j_i    
 |  |  |          
 |  |  +- _LDIVU_LC           
 |  |  |  | 
 |  |  |  +- _ENTER_BINARY_L_LC  
 |  |  |  |  | 
 |  |  |  |  +- _PUSH_ARGS_L         (see above)
 |  |  |  |     
 |  |  |  +- _LDIVU_k_is_k_div_j 
 |  |  |     | 
 |  |  |     +- _LDIVMOD            
 |  |  |          
 |  |  +- _POP32               (see above)
 |  |     
 |  +- TemperatureManager_setTemperatureLimit
 |  |    
 |  +- _LMUL_RC             (see above)
 |  |  
 |  +- _LDIVU_RC           
 |  |  | 
 |  |  +- _ENTER_BINARY_L_RC   (see above)
 |  |  |  
 |  |  +- _LDIVU_k_is_k_div_j  (see above)
 |  |     
 |  +- _LADD               
 |  |  | 
 |  |  +- _ENTER_BINARY_L     
 |  |  |  | 
 |  |  |  +- _PUSH_ARGS_L         (see above)
 |  |  |     
 |  |  +- _LADD_k_is_k_plus_j 
 |  |       
 |  +- MessageManager_TxIsBusy
 |  |  | 
 |  |  +- SCI_TxIsBusy        
 |  |       
 |  +- MessageManager_SendMessage
 |  |  | 
 |  |  +- SCI_SendMessage     
 |  |       
 |  +- TemperatureManager_getTemperature
 |  |  | 
 |  |  +- _LMUL_RC             (see above)
 |  |  |  
 |  |  +- _LDIVU_RC            (see above)
 |  |     
 |  +- StringUtils_Num2Str 
 |  |  | 
 |  |  +- _ICMP                (see above)
 |  |  |  
 |  |  +- _IMODU_8            
 |  |  |  | 
 |  |  |  +- _IMODU_STAR08       
 |  |  |     | 
 |  |  |     +- _IDIVMOD            
 |  |  |          
 |  |  +- _IDIVU_STAR08       
 |  |     | 
 |  |     +- _IDIVMOD             (see above)
 |  |        
 |  +- LCDManager_IsBusy   
 |  |    
 |  +- LCDManager_WriteMessage
 |  |    
 |  +- TimersMngr_PeriodicTask
 |  |  | 
 |  |  +- _LCMP               
 |  |  |  | 
 |  |  |  +- _ENTER_BINARY_L      (see above)
 |  |  |  |  
 |  |  |  +- _LCMP_k_rel_j       
 |  |  |       
 |  |  +- _LSUB               
 |  |  |  | 
 |  |  |  +- _ENTER_BINARY_L      (see above)
 |  |  |  |  
 |  |  |  +- _LSUB_k_is_k_minus_j
 |  |  |       
 |  |  +- _POP32               (see above)
 |  |     
 |  +- LCDManager_PeriodicTask
 |  |  | 
 |  |  +- _Jump_Table_Header_Offset
 |  |  |    
 |  |  +- SPI_TxIsBusy         (see above)
 |  |  |  
 |  |  +- SPI_SendData         (see above)
 |  |     
 |  +- TimersMngr_StartTimer
 |     | 
 |     +- _COPY                (see above)
 |        
 +- _Startup            
    | 
    +- Init                
    |  | 
    |  +- loadByte            
    |       
    +- main                 (see above)
       
 _Vector_12          
 | 
 +- MTIM_isr            
      
 _Vector_16          
 | 
 +- SCI_Tx_IRS          
      
 _Vector_15          
 | 
 +- SCI_Rx_IRS          
      
*********************************************************************************************
STATISTIC SECTION
---------------------------------------------------------------------------------------------

ExeFile:
--------
Number of blocks to be downloaded: 9
Total size of all blocks to be downloaded: 4079

